******************************************************************************
                  TI ARM Linker PC v20.2.7                     
******************************************************************************
>> Linked Tue Apr 16 13:09:58 2024

OUTPUT FILE NAME:   <T7Z1.out>
ENTRY POINT SYMBOL: "_c_int00_noargs"  address: 00002b8d


MEMORY CONFIGURATION

         name            origin    length      used     unused   attr    fill
----------------------  --------  ---------  --------  --------  ----  --------
  FLASH                 00000000   00040000  00003022  0003cfde  R  X
  SRAM                  20000000   00008000  0000400c  00003ff4  RW X


SEGMENT ALLOCATION MAP

run origin  load origin   length   init length attrs members
----------  ----------- ---------- ----------- ----- -------
00000000    00000000    00003028   00003028    r-x
  00000000    00000000    0000026c   0000026c    r-- .intvecs
  0000026c    0000026c    00002b26   00002b26    r-x .text
  00002d98    00002d98    00000278   00000278    r-- .const
  00003010    00003010    00000018   00000018    r-- .cinit
20000000    20000000    0000400c   00000000    rw-
  20000000    20000000    00004000   00000000    rw- .stack
  20004000    20004000    0000000c   00000000    rw- .data


SECTION ALLOCATION MAP

 output                                  attributes/
section   page    origin      length       input sections
--------  ----  ----------  ----------   ----------------
.intvecs   0    00000000    0000026c     
                  00000000    0000026c     tm4c123gh6pm_startup_ccs.obj (.intvecs)

.text      0    0000026c    00002b26     
                  0000026c    00000b14     rtsv7M4_T_le_v4SPD16_eabi.lib : _scanfi.c.obj (.text:__TI_scanfi)
                  00000d80    000004a8     uartstdio.obj (.text)
                  00001228    00000460     rtsv7M4_T_le_v4SPD16_eabi.lib : strtod.c.obj (.text:strtod)
                  00001688    00000224     helper.obj (.text)
                  000018ac    000001dc     rtsv7M4_T_le_v4SPD16_eabi.lib : strtoll.c.obj (.text:strtoll)
                  00001a88    000001b6                                   : fd_add_t2.asm.obj (.text)
                  00001c3e    00000002                                   : div0.asm.obj (.text)
                  00001c40    0000016c     driverlib.lib : gpio.obj (.text:GPIOPadConfigSet)
                  00001dac    0000015c     rtsv7M4_T_le_v4SPD16_eabi.lib : strtoull.c.obj (.text:strtoull)
                  00001f08    00000136                                   : fd_div_t2.asm.obj (.text)
                  0000203e    00000002     --HOLE-- [fill = 0]
                  00002040    00000130                                   : strtol.c.obj (.text:strtol)
                  00002170    00000118     driverlib.lib : sysctl.obj (.text:SysCtlClockGet)
                  00002288    00000110     rtsv7M4_T_le_v4SPD16_eabi.lib : s_scalbn.c.obj (.text:scalbn)
                  00002398    00000110                                   : strtoul.c.obj (.text:strtoul)
                  000024a8    000000fc                                   : fd_mul_t2.asm.obj (.text)
                  000025a4    000000bc     main.obj (.text)
                  00002660    0000009c     rtsv7M4_T_le_v4SPD16_eabi.lib : memcpy_t2.asm.obj (.text)
                  000026fc    00000096                                   : ull_div_t2.asm.obj (.text)
                  00002792    00000086                                   : fd_cmp_t2.asm.obj (.text:__aeabi_cdcmple)
                  00002818    0000007a                                   : memset_t2.asm.obj (.text)
                  00002892    0000006e                                   : fd_tos_t2.asm.obj (.text)
                  00002900    00000068                                   : sscanf.c.obj (.text:_chkmbc)
                  00002968    00000068                                   : copy_decompress_lzss.c.obj (.text:decompress:lzss:__TI_decompress_lzss)
                  000029d0    0000004c                                   : atoi.c.obj (.text:atoi)
                  00002a1c    00000046     driverlib.lib : uart.obj (.text:UARTConfigSetExpClk)
                  00002a62    00000002     --HOLE-- [fill = 0]
                  00002a64    00000044     rtsv7M4_T_le_v4SPD16_eabi.lib : autoinit.c.obj (.text:__TI_auto_init_nobinit_nopinit:__TI_auto_init_nobinit_nopinit)
                  00002aa8    00000040                                   : u_divt2.asm.obj (.text)
                  00002ae8    00000038     driverlib.lib : sysctl.obj (.text:SysCtlPeripheralPresent)
                  00002b20    00000038                   : sysctl.obj (.text:SysCtlPeripheralReady)
                  00002b58    00000034                   : sysctl.obj (.text:SysCtlPeripheralEnable)
                  00002b8c    00000034     rtsv7M4_T_le_v4SPD16_eabi.lib : boot_cortex_m.c.obj (.text:_c_int00_noargs:_c_int00_noargs)
                  00002bc0    0000002c     driverlib.lib : gpio.obj (.text:GPIODirModeSet)
                  00002bec    00000020                   : uart.obj (.text:UARTDisable)
                  00002c0c    00000020     rtsv7M4_T_le_v4SPD16_eabi.lib : sscanf.c.obj (.text:vsscanf)
                  00002c2c    0000001a     driverlib.lib : gpio.obj (.text:GPIOPinTypeGPIOOutput)
                  00002c46    0000001a     rtsv7M4_T_le_v4SPD16_eabi.lib : s_copysign.c.obj (.text:copysign)
                  00002c60    00000018     driverlib.lib : gpio.obj (.text:GPIOUnlockPin)
                  00002c78    00000018     rtsv7M4_T_le_v4SPD16_eabi.lib : ll_mul_t2.asm.obj (.text)
                  00002c90    00000018                                   : strrchr.c.obj (.text:strrchr)
                  00002ca8    00000016     driverlib.lib : gpio.obj (.text:GPIOPinTypeGPIOInput)
                  00002cbe    00000016                   : gpio.obj (.text:GPIOPinTypeUART)
                  00002cd4    00000016     rtsv7M4_T_le_v4SPD16_eabi.lib : strchr.c.obj (.text:strchr)
                  00002cea    00000014     driverlib.lib : uart.obj (.text:UARTEnable)
                  00002cfe    00000014     rtsv7M4_T_le_v4SPD16_eabi.lib : strcpy.c.obj (.text:strcpy)
                  00002d12    00000014                                   : strlen.c.obj (.text:strlen)
                  00002d26    00000012                                   : sscanf.c.obj (.text:_inpchar)
                  00002d38    0000000e                                   : copy_decompress_none.c.obj (.text:decompress:none:__TI_decompress_none)
                  00002d46    0000000c     tm4c123gh6pm_startup_ccs.obj (.text)
                  00002d52    0000000a     driverlib.lib : uart.obj (.text:UARTCharGet)
                  00002d5c    0000000a                   : uart.obj (.text:UARTCharPut)
                  00002d66    00000002     --HOLE-- [fill = 0]
                  00002d68    00000008     rtsv7M4_T_le_v4SPD16_eabi.lib : errno.c.obj (.text:__aeabi_errno_addr)
                  00002d70    00000008                                   : sscanf.c.obj (.text:_uninpchar)
                  00002d78    00000006     driverlib.lib : gpio.obj (.text:GPIOPinRead)
                  00002d7e    00000006                   : gpio.obj (.text:GPIOPinWrite)
                  00002d84    00000006                   : sysctl.obj (.text:SysCtlDelay)
                  00002d8a    00000004     rtsv7M4_T_le_v4SPD16_eabi.lib : pre_init.c.obj (.text:_system_pre_init)
                  00002d8e    00000004                                   : exit.c.obj (.text:abort:abort)

.const     0    00002d98    00000278     
                  00002d98    00000101     rtsv7M4_T_le_v4SPD16_eabi.lib : ctype.c.obj (.const:.string:_ctypes_)
                  00002e99    00000003     --HOLE-- [fill = 0]
                  00002e9c    00000004     uartstdio.obj (.const)
                  00002ea0    000000c8     rtsv7M4_T_le_v4SPD16_eabi.lib : strtod.c.obj (.const:$O1$$)
                  00002f68    0000006c     driverlib.lib : sysctl.obj (.const:g_pui32Xtals)
                  00002fd4    00000012     uartstdio.obj (.const:.string)
                  00002fe6    00000002     --HOLE-- [fill = 0]
                  00002fe8    00000010     rtsv7M4_T_le_v4SPD16_eabi.lib : _scanfi.c.obj (.const:$O1$$)
                  00002ff8    0000000c     uartstdio.obj (.const:g_ui32UARTBase)
                  00003004    0000000c     uartstdio.obj (.const:g_ui32UARTPeriph)

.cinit     0    00003010    00000018     
                  00003010    00000008     (__TI_handler_table)
                  00003018    00000007     (.cinit..data.load) [load image, compression = lzss]
                  0000301f    00000001     --HOLE-- [fill = 0]
                  00003020    00000008     (__TI_cinit_table)

.init_array 
*          0    00000000    00000000     UNINITIALIZED

.data      0    20004000    0000000c     UNINITIALIZED
                  20004000    00000005     uartstdio.obj (.data)
                  20004005    00000003     --HOLE--
                  20004008    00000004     rtsv7M4_T_le_v4SPD16_eabi.lib : errno.c.obj (.data)

.stack     0    20000000    00004000     UNINITIALIZED
                  20000000    00000004     rtsv7M4_T_le_v4SPD16_eabi.lib : boot_cortex_m.c.obj (.stack)
                  20000004    00003ffc     --HOLE--

__llvm_prf_cnts 
*          0    20000000    00000000     UNINITIALIZED

MODULE SUMMARY

       Module                         code    ro data   rw data
       ------                         ----    -------   -------
    .\
       tm4c123gh6pm_startup_ccs.obj   12      620       0      
       main.obj                       188     0         0      
    +--+------------------------------+-------+---------+---------+
       Total:                         200     620       0      
                                                               
    .\helper_library\
       uartstdio.obj                  1192    46        5      
       helper.obj                     548     0         0      
    +--+------------------------------+-------+---------+---------+
       Total:                         1740    46        5      
                                                               
    C:/ti/TivaWare_C_Series-2.2.0.295/driverlib/ccs/Debug/driverlib.lib
       sysctl.obj                     450     108       0      
       gpio.obj                       514     0         0      
       uart.obj                       142     0         0      
    +--+------------------------------+-------+---------+---------+
       Total:                         1106    108       0      
                                                               
    C:\ti\ccs1250\ccs\tools\compiler\ti-cgt-arm_20.2.7.LTS\lib\rtsv7M4_T_le_v4SPD16_eabi.lib
       _scanfi.c.obj                  2836    16        0      
       strtod.c.obj                   1120    200       0      
       strtoll.c.obj                  476     0         0      
       fd_add_t2.asm.obj              438     0         0      
       strtoull.c.obj                 348     0         0      
       fd_div_t2.asm.obj              310     0         0      
       strtol.c.obj                   304     0         0      
       s_scalbn.c.obj                 272     0         0      
       strtoul.c.obj                  272     0         0      
       ctype.c.obj                    0       257       0      
       fd_mul_t2.asm.obj              252     0         0      
       sscanf.c.obj                   162     0         0      
       memcpy_t2.asm.obj              156     0         0      
       ull_div_t2.asm.obj             150     0         0      
       fd_cmp_t2.asm.obj              134     0         0      
       memset_t2.asm.obj              122     0         0      
       fd_tos_t2.asm.obj              110     0         0      
       copy_decompress_lzss.c.obj     104     0         0      
       atoi.c.obj                     76      0         0      
       autoinit.c.obj                 68      0         0      
       u_divt2.asm.obj                64      0         0      
       boot_cortex_m.c.obj            52      0         0      
       s_copysign.c.obj               26      0         0      
       ll_mul_t2.asm.obj              24      0         0      
       strrchr.c.obj                  24      0         0      
       strchr.c.obj                   22      0         0      
       strcpy.c.obj                   20      0         0      
       strlen.c.obj                   20      0         0      
       copy_decompress_none.c.obj     14      0         0      
       errno.c.obj                    8       0         4      
       exit.c.obj                     4       0         0      
       pre_init.c.obj                 4       0         0      
       div0.asm.obj                   2       0         0      
    +--+------------------------------+-------+---------+---------+
       Total:                         7994    473       4      
                                                               
       Stack:                         0       0         16384  
       Linker Generated:              0       23        0      
    +--+------------------------------+-------+---------+---------+
       Grand Total:                   11040   1270      16393  


LINKER GENERATED COPY TABLES

__TI_cinit_table @ 00003020 records: 1, size/record: 8, table size: 8
	.data: load addr=00003018, load size=00000007 bytes, run addr=20004000, run size=0000000c bytes, compression=lzss


LINKER GENERATED HANDLER TABLE

__TI_handler_table @ 00003010 records: 2, size/record: 4, table size: 8
	index: 0, handler: __TI_decompress_lzss
	index: 1, handler: __TI_decompress_none


GLOBAL SYMBOLS: SORTED ALPHABETICALLY BY Name 

address   name                          
-------   ----                          
00002d8f  C$$EXIT                       
00002bc1  GPIODirModeSet                
00001c41  GPIOPadConfigSet              
00002d79  GPIOPinRead                   
00002ca9  GPIOPinTypeGPIOInput          
00002c2d  GPIOPinTypeGPIOOutput         
00002cbf  GPIOPinTypeUART               
00002d7f  GPIOPinWrite                  
00002c61  GPIOUnlockPin                 
00002d47  ResetISR                      
00002171  SysCtlClockGet                
00002d85  SysCtlDelay                   
00002b59  SysCtlPeripheralEnable        
00002ae9  SysCtlPeripheralPresent       
00002b21  SysCtlPeripheralReady         
00002d53  UARTCharGet                   
00002d5d  UARTCharPut                   
00002a1d  UARTConfigSetExpClk           
00002bed  UARTDisable                   
00002ceb  UARTEnable                    
00000d81  UARTStdioConfig               
00001823  UART_printf                   
00000ed1  UARTgetc                      
00000e17  UARTgets                      
000011f3  UARTprintf                    
00000ef9  UARTvprintf                   
00000dc7  UARTwrite                     
20004000  __STACK_END                   
00004000  __STACK_SIZE                  
20000200  __STACK_TOP                   
00003020  __TI_CINIT_Base               
00003028  __TI_CINIT_Limit              
00003010  __TI_Handler_Table_Base       
00003018  __TI_Handler_Table_Limit      
00002a65  __TI_auto_init_nobinit_nopinit
00002969  __TI_decompress_lzss          
00002d39  __TI_decompress_none          
ffffffff  __TI_pprof_out_hndl           
ffffffff  __TI_prof_data_size           
ffffffff  __TI_prof_data_start          
0000026d  __TI_scanfi                   
00000000  __TI_static_base__            
00002793  __aeabi_cdcmpeq               
00002793  __aeabi_cdcmple               
00002893  __aeabi_d2f                   
00001a93  __aeabi_dadd                  
00001f09  __aeabi_ddiv                  
000024a9  __aeabi_dmul                  
00001a89  __aeabi_dsub                  
00002d69  __aeabi_errno_addr            
00001c3f  __aeabi_idiv0                 
00001c3f  __aeabi_ldiv0                 
00002c79  __aeabi_lmul                  
00002819  __aeabi_memclr                
00002819  __aeabi_memclr4               
00002819  __aeabi_memclr8               
00002661  __aeabi_memcpy                
00002661  __aeabi_memcpy4               
00002661  __aeabi_memcpy8               
0000281b  __aeabi_memset                
0000281b  __aeabi_memset4               
0000281b  __aeabi_memset8               
00002aa9  __aeabi_uidiv                 
00002aa9  __aeabi_uidivmod              
000026fd  __aeabi_uldivmod              
ffffffff  __binit__                     
ffffffff  __c_args__                    
UNDEFED   __mpu_init                    
20000000  __stack                       
20000000  __start___llvm_prf_cnts       
20000000  __stop___llvm_prf_cnts        
00002b8d  _c_int00_noargs               
00002d98  _ctypes_                      
UNDEFED   _system_post_cinit            
00002d8b  _system_pre_init              
00002d8f  abort                         
000029d1  atoi                          
000025a5  binarni                       
ffffffff  binit                         
00002c47  copysign                      
00002c47  copysignl                     
000017e7  delay                         
20004008  errno                         
00000000  g_pfnVectors                  
000016d3  helper_library_init           
00002289  ldexp                         
00002289  ldexpl                        
00002615  main                          
00002661  memcpy                        
00002821  memset                        
00001843  print                         
000017cd  read_sensor_kit_button        
0000179d  read_user_switch1             
000017b5  read_user_switch2             
00002289  scalbn                        
00002289  scalbnl                       
00001867  scan                          
00002cd5  strchr                        
00002cff  strcpy                        
00002d13  strlen                        
00002c91  strrchr                       
00001229  strtod                        
00002041  strtol                        
00001229  strtold                       
000018ad  strtoll                       
00002399  strtoul                       
00001dad  strtoull                      
00001771  turn_off_blue_led             
0000177f  turn_off_green_led            
00001763  turn_off_red_led              
0000178d  turn_off_sensor_kit_led       
00001737  turn_on_blue_led              
00001745  turn_on_green_led             
00001729  turn_on_red_led               
00001753  turn_on_sensor_kit_led        
00002c0d  vsscanf                       


GLOBAL SYMBOLS: SORTED BY Symbol Address 

address   name                          
-------   ----                          
00000000  __TI_static_base__            
00000000  g_pfnVectors                  
0000026d  __TI_scanfi                   
00000d81  UARTStdioConfig               
00000dc7  UARTwrite                     
00000e17  UARTgets                      
00000ed1  UARTgetc                      
00000ef9  UARTvprintf                   
000011f3  UARTprintf                    
00001229  strtod                        
00001229  strtold                       
000016d3  helper_library_init           
00001729  turn_on_red_led               
00001737  turn_on_blue_led              
00001745  turn_on_green_led             
00001753  turn_on_sensor_kit_led        
00001763  turn_off_red_led              
00001771  turn_off_blue_led             
0000177f  turn_off_green_led            
0000178d  turn_off_sensor_kit_led       
0000179d  read_user_switch1             
000017b5  read_user_switch2             
000017cd  read_sensor_kit_button        
000017e7  delay                         
00001823  UART_printf                   
00001843  print                         
00001867  scan                          
000018ad  strtoll                       
00001a89  __aeabi_dsub                  
00001a93  __aeabi_dadd                  
00001c3f  __aeabi_idiv0                 
00001c3f  __aeabi_ldiv0                 
00001c41  GPIOPadConfigSet              
00001dad  strtoull                      
00001f09  __aeabi_ddiv                  
00002041  strtol                        
00002171  SysCtlClockGet                
00002289  ldexp                         
00002289  ldexpl                        
00002289  scalbn                        
00002289  scalbnl                       
00002399  strtoul                       
000024a9  __aeabi_dmul                  
000025a5  binarni                       
00002615  main                          
00002661  __aeabi_memcpy                
00002661  __aeabi_memcpy4               
00002661  __aeabi_memcpy8               
00002661  memcpy                        
000026fd  __aeabi_uldivmod              
00002793  __aeabi_cdcmpeq               
00002793  __aeabi_cdcmple               
00002819  __aeabi_memclr                
00002819  __aeabi_memclr4               
00002819  __aeabi_memclr8               
0000281b  __aeabi_memset                
0000281b  __aeabi_memset4               
0000281b  __aeabi_memset8               
00002821  memset                        
00002893  __aeabi_d2f                   
00002969  __TI_decompress_lzss          
000029d1  atoi                          
00002a1d  UARTConfigSetExpClk           
00002a65  __TI_auto_init_nobinit_nopinit
00002aa9  __aeabi_uidiv                 
00002aa9  __aeabi_uidivmod              
00002ae9  SysCtlPeripheralPresent       
00002b21  SysCtlPeripheralReady         
00002b59  SysCtlPeripheralEnable        
00002b8d  _c_int00_noargs               
00002bc1  GPIODirModeSet                
00002bed  UARTDisable                   
00002c0d  vsscanf                       
00002c2d  GPIOPinTypeGPIOOutput         
00002c47  copysign                      
00002c47  copysignl                     
00002c61  GPIOUnlockPin                 
00002c79  __aeabi_lmul                  
00002c91  strrchr                       
00002ca9  GPIOPinTypeGPIOInput          
00002cbf  GPIOPinTypeUART               
00002cd5  strchr                        
00002ceb  UARTEnable                    
00002cff  strcpy                        
00002d13  strlen                        
00002d39  __TI_decompress_none          
00002d47  ResetISR                      
00002d53  UARTCharGet                   
00002d5d  UARTCharPut                   
00002d69  __aeabi_errno_addr            
00002d79  GPIOPinRead                   
00002d7f  GPIOPinWrite                  
00002d85  SysCtlDelay                   
00002d8b  _system_pre_init              
00002d8f  C$$EXIT                       
00002d8f  abort                         
00002d98  _ctypes_                      
00003010  __TI_Handler_Table_Base       
00003018  __TI_Handler_Table_Limit      
00003020  __TI_CINIT_Base               
00003028  __TI_CINIT_Limit              
00004000  __STACK_SIZE                  
20000000  __stack                       
20000000  __start___llvm_prf_cnts       
20000000  __stop___llvm_prf_cnts        
20000200  __STACK_TOP                   
20004000  __STACK_END                   
20004008  errno                         
ffffffff  __TI_pprof_out_hndl           
ffffffff  __TI_prof_data_size           
ffffffff  __TI_prof_data_start          
ffffffff  __binit__                     
ffffffff  __c_args__                    
ffffffff  binit                         
UNDEFED   __mpu_init                    
UNDEFED   _system_post_cinit            

[116 symbols]
